08:35:29.500 [INFO] RUN-BEGIN    Suite: unnamed | Tests: 24 | Workers: 1 | Run log: C:\ideakicks\testing\logs\run-2026-09-13_08-35-10.log
08:35:31.338 [INFO] admin        launching browser & logging in
08:35:40.148 [INFO] admin        logged in, landed on https://admin.187.77.79.40.nip.io/dashboard
08:35:40.201 [INFO] ADM-CAT-FUN-001 start
08:35:41.428 [INFO] ADM-CAT-FUN-001 Categories link is visible
08:35:41.445 [PASS] ADM-CAT-FUN-001: Verify Categories is visible in the Campaigns section 1.23s
08:35:41.457 [INFO] ADM-CAT-FUN-001 (Search) start
08:35:43.573 [INFO] ADM-CAT-FUN-001 (Search) ok
08:35:43.585 [PASS] ADM-CAT-FUN-001: Search for an existing category 2.12s
08:35:43.610 [INFO] ADM-CAT-FUN-002 start
08:35:51.086 [INFO] ADM-CAT-FUN-002 ok
08:35:51.094 [PASS] ADM-CAT-FUN-002: Create category with valid details 7.48s
08:35:51.100 [INFO] ADM-CAT-FUN-003 start
08:35:53.447 [INFO] ADM-CAT-FUN-003 ok
08:35:53.457 [PASS] ADM-CAT-FUN-003: Create a category with a parent category 2.35s
08:35:53.466 [INFO] ADM-CAT-FUN-004 start
08:35:57.135 [INFO] ADM-CAT-FUN-004 ok
08:35:57.146 [PASS] ADM-CAT-FUN-004: Verify category ordering based on sort order 3.67s
08:35:57.156 [INFO] ADM-CAT-FUN-005 start
08:36:00.960 [INFO] ADM-CAT-FUN-005 ok
08:36:00.970 [PASS] ADM-CAT-FUN-005: Upload a valid category icon 3.81s
08:36:00.976 [INFO] ADM-CAT-FUN-006 start
08:36:03.190 [INFO] ADM-CAT-FUN-006 ok
08:36:03.198 [PASS] ADM-CAT-FUN-006: Create an inactive category 2.22s
08:36:03.204 [INFO] ADM-CAT-FUN-007 start
08:36:04.924 [INFO] ADM-CAT-FUN-007 ok
08:36:04.933 [PASS] ADM-CAT-FUN-007: Cancel category creation 1.72s
08:36:04.939 [INFO] ADM-CAT-FUN-008 start
08:36:08.739 [INFO] ADM-CAT-FUN-008 ok
08:36:08.748 [PASS] ADM-CAT-FUN-008: Edit an existing category with valid details 3.80s
08:36:08.758 [INFO] ADM-CAT-FUN-009 start
08:36:10.700 [INFO] ADM-CAT-FUN-009 ok
08:36:10.708 [PASS] ADM-CAT-FUN-009: Cancel category editing without saving 1.95s
08:36:10.713 [INFO] ADM-CAT-FUN-010 start
08:36:14.342 [INFO] ADM-CAT-FUN-010 ok
08:36:14.351 [PASS] ADM-CAT-FUN-010: Hide an active category 3.63s
08:36:14.356 [INFO] ADM-CAT-FUN-011 start
08:36:20.189 [INFO] ADM-CAT-FUN-011 ok
08:36:20.212 [PASS] ADM-CAT-FUN-011: Cancel hiding an active category 5.84s
08:36:20.220 [INFO] ADM-CAT-FUN-012 start
08:36:24.059 [INFO] ADM-CAT-FUN-012 ok
08:36:24.076 [PASS] ADM-CAT-FUN-012: Delete an existing category 3.85s
08:36:24.085 [INFO] ADM-CAT-FUN-013 start
08:36:25.946 [INFO] ADM-CAT-FUN-013 ok
08:36:25.957 [PASS] ADM-CAT-FUN-013: Cancel category deletion 1.87s
08:36:25.975 [INFO] ADM-CAT-FUN-014 start
08:36:31.258 [INFO] ADM-CAT-FUN-014 ok
08:36:31.266 [PASS] ADM-CAT-FUN-014: Verify rows per page selection 5.29s
08:36:31.273 [INFO] ADM-CAT-FUN-015 start
08:37:01.567 [FAIL] ADM-CAT-FUN-015: Verify pagination navigation 30.09s — [31mTest timeout of 30000ms exceeded.[39m
08:37:01.571 [SKIP] ADM-CAT-FUN-016: Search category by slug skipped
08:37:01.574 [SKIP] ADM-CAT-FUN-017: Clear category search skipped
08:37:01.577 [SKIP] ADM-CAT-FUN-018: Verify New Category form opens successfully skipped
08:37:01.580 [SKIP] CAT-ACC-005: Verify authorized user can open Categories in a new tab skipped
08:37:01.583 [SKIP] FUNC: Verify user can return to Categories using browser navigation skipped
08:37:01.585 [SKIP] ADM-CAT-FUN-019: Verify a hidden category can be shown skipped
08:37:01.595 [SKIP] ADM-CAT-FUN-020: Verify Show action can be undone skipped
08:37:01.604 [SKIP] ADM-CAT-FUN-024: Verify Categories displays the default listing state skipped

========================================================================
  RUN SUMMARY  2026-09-13_08-35-10
========================================================================
  Total    : 24
  Passed   : 15  (62.5%)
  Failed   : 1
  Skipped  : 8
  Duration : 111.5s
  Log      : C:\ideakicks\testing\logs\run-2026-09-13_08-35-10.log
========================================================================
08:37:01.644 [INFO] RUN-END      Status: failed | Duration: 111.5s
08:37:01.649 [INFO] REPORTER     HTML report: C:\ideakicks\testing\logs\run-2026-09-13_08-35-10.html
