14:04:23.207 [INFO] RUN-BEGIN    Suite: unnamed | Tests: 7 | Workers: 1 | Run log: C:\ideakicks\testing\logs\run-2026-09-09_14-04-05.log
14:04:28.634 [INFO] UP-01-P      start
14:04:28.637 [INFO] login        navigating to /login
14:04:29.436 [INFO] login        already authed (via /dashboard)
14:04:34.787 [INFO] cookies      dismissed
14:04:36.831 [INFO] UP-01-P      cover image rendered
14:04:36.992 [PASS] UF-UP-01-P: Cover image upload (small JPG) succeeds 11.86s
14:04:38.150 [INFO] UP-02-P      start
14:04:38.152 [INFO] login        navigating to /login
14:04:38.985 [INFO] login        already authed (via /dashboard)
14:04:55.813 [WARN] fillStep1    wizard h1 not visible within 15s — page may not be on /start/application
14:04:56.460 [FAIL] UF-UP-02-P: Gallery upload of 3 small images succeeds (one at a time) 19.40s — Error: Wizard h1 not visible. Account might be locked in Under Review state, or page failed to load.
14:05:01.534 [INFO] UP-03-P      start
14:05:01.536 [INFO] login        navigating to /login
14:05:02.334 [INFO] login        already authed (via /dashboard)
14:05:19.213 [WARN] fillStep1    wizard h1 not visible within 15s — page may not be on /start/application
14:05:19.870 [FAIL] UF-UP-03-P: Gallery upload of 12 images (the documented max) is accepted (one at a time) 21.54s — Error: Wizard h1 not visible. Account might be locked in Under Review state, or page failed to load.
14:05:24.850 [INFO] UP-04-P      start
14:05:24.853 [INFO] login        navigating to /login
14:05:25.612 [INFO] login        already authed (via /dashboard)
14:05:42.545 [WARN] fillStep1    wizard h1 not visible within 15s — page may not be on /start/application
14:05:43.174 [FAIL] UF-UP-04-P: Small video (<100MB) upload succeeds 21.42s — Error: Wizard h1 not visible. Account might be locked in Under Review state, or page failed to load.
14:05:48.230 [INFO] UP-05-P      start
14:05:48.232 [INFO] login        navigating to /login
14:05:49.041 [INFO] login        already authed (via /dashboard)
14:06:05.903 [WARN] fillStep1    wizard h1 not visible within 15s — page may not be on /start/application
14:06:06.517 [FAIL] UF-UP-05-P: Pitch video URL accepts a YouTube link 21.49s — Error: Wizard h1 not visible. Account might be locked in Under Review state, or page failed to load.
14:06:11.524 [INFO] UP-14-P      start
14:06:11.526 [INFO] login        navigating to /login
14:06:12.297 [INFO] login        already authed (via /dashboard)
14:06:29.110 [WARN] fillStep1    wizard h1 not visible within 15s — page may not be on /start/application
14:06:29.749 [FAIL] UF-UP-14-P: Parallel upload of 3 cover images (race condition test) 21.38s — Error: Wizard h1 not visible. Account might be locked in Under Review state, or page failed to load.
14:06:34.676 [INFO] UP-15-P      start
14:06:34.679 [INFO] login        navigating to /login
14:06:35.522 [INFO] login        already authed (via /dashboard)
14:06:53.831 [WARN] fillStep1    wizard h1 not visible within 15s — page may not be on /start/application
14:06:54.421 [FAIL] UF-UP-15-P: Upload 15 images to gallery (the documented max) succeeds 22.85s — Error: Wizard h1 not visible. Account might be locked in Under Review state, or page failed to load.

========================================================================
  RUN SUMMARY  2026-09-09_14-04-05
========================================================================
  Total    : 7
  Passed   : 1  (14.3%)
  Failed   : 6
  Skipped  : 0
  Duration : 169.1s
  Log      : C:\ideakicks\testing\logs\run-2026-09-09_14-04-05.log
========================================================================
14:06:54.443 [INFO] RUN-END      Status: failed | Duration: 169.1s
14:06:54.445 [INFO] REPORTER     HTML report: C:\ideakicks\testing\logs\run-2026-09-09_14-04-05.html
