2026-09-04 18:42:59.500 [INFO ] LOAD-01 :: start — concurrency=200, total=200
2026-09-04 18:43:10.592 [INFO ] LOAD-01 :: done in 11089ms (18.0 req/s) — ok=162 fail=38 other=0
2026-09-04 18:43:10.594 [INFO ] LOAD-01 :: status codes: {"200":100,"405":62}
2026-09-04 18:43:10.602 [INFO ] LOAD-02 :: start — burst of 50
2026-09-04 18:43:11.375 [INFO ] LOAD-02 :: done in 771ms — codes: {"200":25,"405":25}
2026-09-04 18:43:12.596 [INFO ] PERF-01 :: start
2026-09-04 18:43:13.765 [INFO ] PERF-01 :: homepage warm load: 321ms
2026-09-04 18:43:16.055 [INFO ] PERF-02 :: start
2026-09-04 18:43:17.250 [INFO ] PERF-02 :: /explore load: 202ms
2026-09-04 18:43:19.117 [INFO ] PERF-03 :: start
2026-09-04 18:43:20.291 [INFO ] PERF-03 :: /login load: 1172ms
2026-09-04 18:43:21.704 [INFO ] PERF-04 :: start
2026-09-04 18:43:22.478 [INFO ] PERF-04 :: /start/application load: 772ms
2026-09-04 18:43:22.895 [INFO ] STRESS-01 :: start
2026-09-04 18:43:29.880 [INFO ] STRESS-01 :: 5 parallel navs in 6983ms
2026-09-04 18:43:29.883 [INFO ] STRESS-01 ::   https://187.77.79.40.nip.io/ -> 926ms
2026-09-04 18:43:29.884 [INFO ] STRESS-01 ::   https://187.77.79.40.nip.io/explore -> 1863ms
2026-09-04 18:43:29.885 [INFO ] STRESS-01 ::   https://187.77.79.40.nip.io/login -> 769ms
2026-09-04 18:43:29.886 [INFO ] STRESS-01 ::   https://187.77.79.40.nip.io/how-it-works -> 848ms
2026-09-04 18:43:29.888 [INFO ] STRESS-01 ::   https://187.77.79.40.nip.io/about -> 867ms
2026-09-04 18:43:29.897 [INFO ] STRESS-02 :: start
2026-09-04 18:43:42.275 [INFO ] STRESS-02 :: 10 parallel /login in 12376ms
2026-09-04 18:43:42.277 [INFO ] STRESS-02 :: succeeded: 10/10
2026-09-04 18:43:43.456 [INFO ] PERF-05 :: start
2026-09-04 18:43:45.808 [INFO ] PERF-06 :: start
2026-09-04 18:43:46.694 [INFO ] PERF-06 :: homepage HTML body: 75.7 KB
2026-09-04 18:43:46.696 [INFO ] PERF-06 :: (domcontentloaded in 887ms)
2026-09-04 18:43:47.435 [INFO ] WIZARD-NEG :: negative & edge-case suite
2026-09-04 18:43:48.622 [INFO ] WIZ-09-N :: start
2026-09-04 18:43:48.624 [INFO ] login :: navigating to /login
2026-09-04 18:43:52.325 [INFO ] login :: ok
2026-09-04 18:43:52.754 [INFO ] cookies :: dismissed
2026-09-04 18:44:23.626 [WARN ] WATCHDOG :: UF-WIZ-09-N: Form advances even with unchecked eligibility (BUG) exceeded 35s — closing context
2026-09-04 18:44:24.653 [WARN ] safeRun :: server-induced failure, skipping: locator.selectOption: Target page, context or browser has been closed
