2026-09-04 18:38:33.821 [INFO ] admin :: launching browser & logging in
2026-09-04 18:38:39.151 [INFO ] admin :: logged in, landed on https://admin.187.77.79.40.nip.io/login
2026-09-04 18:38:39.170 [INFO ] FIN-N1 :: start
2026-09-04 18:38:39.346 [INFO ] FIN-N1 :: status: 404
2026-09-04 18:38:39.384 [INFO ] FIN-N2 :: start
2026-09-04 18:38:40.652 [INFO ] FIN-N3 :: start
2026-09-04 18:38:41.958 [INFO ] admin :: launching browser & logging in
2026-09-04 18:38:49.955 [INFO ] admin :: logged in, landed on https://admin.187.77.79.40.nip.io/login
2026-09-04 18:38:49.973 [INFO ] FIN-07-P :: start
2026-09-04 18:38:51.042 [INFO ] FIN-08-P :: start
2026-09-04 18:38:55.724 [INFO ] FIN-09-P :: start
2026-09-04 18:39:13.655 [INFO ] admin :: launching browser & logging in
2026-09-04 18:39:18.515 [INFO ] admin :: logged in, landed on https://admin.187.77.79.40.nip.io/login
2026-09-04 18:39:18.524 [INFO ] PPL-N1 :: start
2026-09-04 18:39:21.871 [INFO ] PPL-N2 :: start
2026-09-04 18:39:24.603 [INFO ] PPL-N3 :: start
2026-09-04 18:39:27.299 [INFO ] PPL-N4 :: start
2026-09-04 18:39:27.501 [INFO ] PPL-N4 :: status: 200
2026-09-04 18:39:27.541 [INFO ] admin :: launching browser & logging in
2026-09-04 18:39:32.786 [INFO ] admin :: logged in, landed on https://admin.187.77.79.40.nip.io/login
2026-09-04 18:39:32.795 [INFO ] PPL-10-P :: start
2026-09-04 18:39:33.826 [INFO ] PPL-11-P :: start
2026-09-04 18:39:34.885 [INFO ] PPL-12-P :: start
2026-09-04 18:39:50.653 [INFO ] admin :: launching browser & logging in
2026-09-04 18:39:55.375 [INFO ] admin :: logged in, landed on https://admin.187.77.79.40.nip.io/dashboard
2026-09-04 18:39:55.389 [INFO ] SYS-N1 :: start
2026-09-04 18:39:57.079 [INFO ] SYS-N1 :: JS errors: 0
2026-09-04 18:39:57.097 [INFO ] SYS-N2 :: start
2026-09-04 18:39:58.476 [INFO ] SYS-N3 :: start
2026-09-04 18:39:59.741 [INFO ] admin :: launching browser & logging in
2026-09-04 18:40:06.644 [INFO ] admin :: logged in, landed on https://admin.187.77.79.40.nip.io/login
2026-09-04 18:40:06.657 [INFO ] SYS-17-P :: start
