14:19:46.433 [INFO] RUN-BEGIN    Suite: unnamed | Tests: 3 | Workers: 1 | Run log: C:\ideakicks\testing\logs\run-2026-09-09_14-19-15.log
14:19:51.473 [INFO] login        navigating to /login
14:19:52.304 [INFO] login        already authed (via /dashboard)
14:20:19.174 [FAIL] UF-ACCT-01-P: Update Profile Bio, Links and Address 30.89s — [31mTest timeout of 30000ms exceeded while running "beforeEach" hook.[39m
14:20:24.194 [INFO] login        navigating to /login
14:20:25.040 [INFO] login        already authed (via /dashboard)
14:20:51.936 [FAIL] UF-ACCT-02-P: Change Account Password 30.94s — [31mTest timeout of 30000ms exceeded while running "beforeEach" hook.[39m
14:20:57.322 [INFO] login        navigating to /login
14:20:58.274 [INFO] login        already authed (via /dashboard)
14:21:24.969 [FAIL] UF-ACCT-03-P: User can sign out 30.91s — [31mTest timeout of 30000ms exceeded while running "beforeEach" hook.[39m

========================================================================
  RUN SUMMARY  2026-09-09_14-19-15
========================================================================
  Total    : 3
  Passed   : 0  (0.0%)
  Failed   : 3
  Skipped  : 0
  Duration : 129.0s
  Log      : C:\ideakicks\testing\logs\run-2026-09-09_14-19-15.log
========================================================================
14:21:24.993 [INFO] RUN-END      Status: failed | Duration: 129.0s
14:21:24.996 [INFO] REPORTER     HTML report: C:\ideakicks\testing\logs\run-2026-09-09_14-19-15.html
