12:03:55.031 [INFO] WIZARD-POS   Log file: C:\ideakicks\testing\logs\test-execution.log
12:03:55.045 [INFO] RUN-BEGIN    Suite: unnamed | Tests: 10 | Workers: 1 | Run log: C:\ideakicks\testing\logs\run-2026-09-05_12-03-11.log
12:04:09.765 [FAIL] UF-WIZ-01-P: Wizard page renders step 1 with all required fields 12.87s — Error: [2mexpect([22m[31mlocator[39m[2m).[22mtoBeVisible[2m([22m[2m)[22m failed
12:04:55.622 [FAIL] UF-WIZ-02-P: Continue is enabled when all required fields are filled 43.96s — Error: locator.click: Target page, context or browser has been closed
12:05:40.282 [FAIL] UF-WIZ-03-P: PAN field shows correct placeholder 42.78s — Error: locator.click: Target page, context or browser has been closed
12:06:26.167 [FAIL] UF-WIZ-04-P: Step 1 happy path advances to step 2 44.01s — Error: locator.click: Target page, context or browser has been closed
12:07:11.964 [FAIL] UF-WIZ-07-P: Step 2 Build Page is reachable and has file inputs 43.92s — Error: locator.click: Target page, context or browser has been closed
12:07:56.891 [FAIL] UF-WIZ-08-P: Step 1 page loads cleanly with no JS errors 43.04s — Error: locator.click: Target page, context or browser has been closed
12:08:42.307 [FAIL] UF-WIZ-10-P: Country dropdown lists India 43.50s — Error: locator.click: Target page, context or browser has been closed
12:09:27.234 [FAIL] UF-WIZ-11-P: Subcategory populates after category chosen 43.04s — Error: locator.click: Target page, context or browser has been closed
12:10:13.127 [FAIL] UF-WIZ-14-P: GSTIN optional field accepts valid value 43.98s — Error: locator.click: Target page, context or browser has been closed
12:10:57.907 [FAIL] UF-WIZ-20-P: Wizard URL is exactly /start/application 42.91s — Error: locator.click: Target page, context or browser has been closed

========================================================================
  RUN SUMMARY  2026-09-05_12-03-11
========================================================================
  Total    : 10
  Passed   : 0  (0.0%)
  Failed   : 10
  Skipped  : 0
  Duration : 466.2s
  Log      : C:\ideakicks\testing\logs\run-2026-09-05_12-03-11.log
========================================================================
12:10:57.931 [INFO] RUN-END      Status: failed | Duration: 466.2s
12:10:57.935 [INFO] REPORTER     HTML report: C:\ideakicks\testing\logs\run-2026-09-05_12-03-11.html
