14:36:09.094 [INFO] RUN-BEGIN    Suite: unnamed | Tests: 0 | Workers: 1 | Run log: C:\ideakicks\testing\logs\run-2026-09-08_14-35-43.log
14:36:09.097 [ERROR] REPORTER     Error: Cannot find module './logger.js'
Require stack:
- C:\ideakicks\testing\tests\positive\wizard-step2-uploads.positive.spec.js
- C:\ideakicks\testing\node_modules\playwright\lib\common\index.js
- C:\ideakicks\testing\node_modules\playwright\lib\program.js
- C:\ideakicks\testing\node_modules\@playwright\test\cli.js
14:36:09.099 [ERROR] REPORTER     Error: No tests found.
Make sure that arguments are regular expressions matching test files.
You may need to escape symbols like "$" or "*" and quote the arguments.

========================================================================
  RUN SUMMARY  2026-09-08_14-35-43
========================================================================
  Total    : 0
  Passed   : 0  (0.0%)
  Failed   : 0
  Skipped  : 0
  Duration : 26.0s
  Log      : C:\ideakicks\testing\logs\run-2026-09-08_14-35-43.log
========================================================================
14:36:09.104 [INFO] RUN-END      Status: failed | Duration: 26.0s
14:36:09.107 [INFO] REPORTER     HTML report: C:\ideakicks\testing\logs\run-2026-09-08_14-35-43.html
