12:46:47.115 [INFO] RUN-BEGIN    Suite: unnamed | Tests: 0 | Workers: 1 | Run log: C:\ideakicks\testing\logs\run-2026-09-09_12-46-15.log
12:46:47.118 [ERROR] REPORTER     Error: Cannot find module '../logger.js'
Require stack:
- C:\ideakicks\testing\tests\wizard-helpers.js
- C:\ideakicks\testing\tests\positive\wizard-step2-uploads.positive.spec.js
- C:\ideakicks\testing\node_modules\playwright\lib\common\index.js
- C:\ideakicks\testing\node_modules\playwright\lib\program.js
- C:\ideakicks\testing\node_modules\@playwright\test\cli.js
12:46:47.120 [ERROR] REPORTER     Error: No tests found.
Make sure that arguments are regular expressions matching test files.
You may need to escape symbols like "$" or "*" and quote the arguments.

========================================================================
  RUN SUMMARY  2026-09-09_12-46-15
========================================================================
  Total    : 0
  Passed   : 0  (0.0%)
  Failed   : 0
  Skipped  : 0
  Duration : 31.2s
  Log      : C:\ideakicks\testing\logs\run-2026-09-09_12-46-15.log
========================================================================
12:46:47.123 [INFO] RUN-END      Status: failed | Duration: 31.2s
12:46:47.125 [INFO] REPORTER     HTML report: C:\ideakicks\testing\logs\run-2026-09-09_12-46-15.html
