09:13:48.908 [INFO] RUN-BEGIN    Suite: unnamed | Tests: 1 | Workers: 1 | Run log: C:\ideakicks\testing\logs\run-2026-09-12_09-13-36.log
09:13:53.878 [INFO] WIZ-30-P     Starting Step 3 Submit test with standard dummy account
09:13:53.881 [INFO] login        navigating to /login
09:13:56.903 [INFO] login        already authed (via /dashboard)
09:13:57.185 [INFO] cookies      dismissed
09:14:06.625 [INFO] WIZ-30-P     On Step 3 - Submitting for review
09:14:06.651 [INFO] WIZ-30-P     Campaign successfully submitted!
09:14:06.786 [PASS] UF-WIZ-30-P: User can successfully submit a campaign for review 16.12s

========================================================================
  RUN SUMMARY  2026-09-12_09-13-36
========================================================================
  Total    : 1
  Passed   : 1  (100.0%)
  Failed   : 0
  Skipped  : 0
  Duration : 30.5s
  Log      : C:\ideakicks\testing\logs\run-2026-09-12_09-13-36.log
========================================================================
09:14:06.870 [INFO] RUN-END      Status: passed | Duration: 30.5s
09:14:06.873 [INFO] REPORTER     HTML report: C:\ideakicks\testing\logs\run-2026-09-12_09-13-36.html
