14:35:23.461 [INFO] RUN-BEGIN    Suite: unnamed | Tests: 3 | Workers: 1 | Run log: C:\ideakicks\testing\logs\run-2026-09-09_14-34-57.log
14:35:28.731 [INFO] login        navigating to /login
14:35:31.444 [INFO] login        already authed (via /dashboard)
14:35:38.631 [PASS] UF-ACCT-01-P: Update Profile Bio, Links and Address 13.25s
14:35:39.767 [INFO] login        navigating to /login
14:35:44.382 [INFO] login        ok
14:36:06.083 [FAIL] UF-ACCT-02-P: Change Account Password 27.39s — TimeoutError: page.waitForURL: Timeout 15000ms exceeded.
14:36:11.042 [INFO] login        navigating to /login
14:36:36.074 [FAIL] UF-ACCT-03-P: User can sign out 28.13s — TimeoutError: page.waitForURL: Timeout 20000ms exceeded.

========================================================================
  RUN SUMMARY  2026-09-09_14-34-57
========================================================================
  Total    : 3
  Passed   : 1  (33.3%)
  Failed   : 2
  Skipped  : 0
  Duration : 98.9s
  Log      : C:\ideakicks\testing\logs\run-2026-09-09_14-34-57.log
========================================================================
14:36:36.095 [INFO] RUN-END      Status: failed | Duration: 98.9s
14:36:36.098 [INFO] REPORTER     HTML report: C:\ideakicks\testing\logs\run-2026-09-09_14-34-57.html
