13:57:17.089 [INFO] WIZARD-POS   Log file: C:\ideakicks\testing\logs\test-execution.log
13:57:17.103 [INFO] RUN-BEGIN    Suite: unnamed | Tests: 10 | Workers: 1 | Run log: C:\ideakicks\testing\logs\run-2026-09-07_13-56-47.log
13:57:17.724 [INFO] WIZARD-POS   Log file: C:\ideakicks\testing\logs\test-execution.log
13:57:28.805 [INFO] WIZ-01-P     start
13:57:29.189 [INFO] login        already authed (via /dashboard)
13:57:29.638 [INFO] cookies      dismissed
13:57:36.523 [FAIL] UF-WIZ-01-P: Wizard page renders step 1 with all required fields 15.99s — Error: [2mexpect([22m[31mlocator[39m[2m).[22mtoBeVisible[2m([22m[2m)[22m failed
13:57:37.107 [INFO] WIZARD-POS   Log file: C:\ideakicks\testing\logs\test-execution.log
13:57:47.721 [INFO] WIZ-02-P     start
13:57:47.917 [INFO] login        already authed (via /dashboard)
13:57:50.144 [INFO] cookies      dismissed
13:58:05.168 [WARN] fillStep1    wizard h1 not visible within 15s — page may not be on /start/application
13:58:12.626 [FAIL] UF-WIZ-02-P: Continue is enabled when all required fields are filled 32.51s — Error: [2mexpect([22m[31mlocator[39m[2m).[22mtoBeEnabled[2m([22m[2m)[22m failed
13:58:13.184 [INFO] WIZARD-POS   Log file: C:\ideakicks\testing\logs\test-execution.log
13:58:21.465 [INFO] WIZ-03-P     start
13:58:21.685 [INFO] login        already authed (via /dashboard)
13:58:23.956 [INFO] cookies      dismissed
13:59:16.804 [FAIL] UF-WIZ-03-P: PAN field shows correct placeholder 62.44s — [31mTest timeout of 60000ms exceeded.[39m
13:59:17.396 [INFO] WIZARD-POS   Log file: C:\ideakicks\testing\logs\test-execution.log
13:59:25.233 [INFO] WIZ-04-P     start
13:59:25.444 [INFO] login        already authed (via /dashboard)
13:59:27.688 [INFO] cookies      dismissed
13:59:42.717 [WARN] fillStep1    wizard h1 not visible within 15s — page may not be on /start/application
14:00:21.312 [FAIL] UF-WIZ-04-P: Step 1 happy path advances to step 2 62.63s — [31mTest timeout of 60000ms exceeded.[39m
14:00:21.979 [INFO] WIZARD-POS   Log file: C:\ideakicks\testing\logs\test-execution.log
14:00:31.396 [INFO] WIZ-07-P     start
14:00:31.614 [INFO] login        already authed (via /dashboard)
14:00:33.999 [INFO] cookies      dismissed
14:00:49.020 [WARN] fillStep1    wizard h1 not visible within 15s — page may not be on /start/application
14:01:21.758 [FAIL] UF-WIZ-07-P: Step 2 Build Page is reachable and has file inputs 0.00s — Error: worker process exited unexpectedly (code=4294967295, signal=null)
