13:00:36.480 [INFO] WIZARD-POS   Log file: C:\ideakicks\testing\logs\test-execution.log
13:00:36.511 [INFO] RUN-BEGIN    Suite: unnamed | Tests: 10 | Workers: 1 | Run log: C:\ideakicks\testing\logs\run-2026-09-07_13-00-22.log
13:00:37.152 [INFO] WIZARD-POS   Log file: C:\ideakicks\testing\logs\test-execution.log
13:00:41.826 [INFO] login        navigating to /login
13:00:42.609 [INFO] login        already authed (via /dashboard)
13:00:44.463 [INFO] WIZ-01-P     start
13:00:44.465 [INFO] login        navigating to /login
13:00:44.634 [INFO] login        already authed (via /dashboard)
13:00:45.122 [INFO] cookies      dismissed
13:00:50.845 [FAIL] UF-WIZ-01-P: Wizard page renders step 1 with all required fields 12.29s — Error: [2mexpect([22m[31mlocator[39m[2m).[22mtoBeVisible[2m([22m[2m)[22m failed
13:00:51.565 [INFO] WIZARD-POS   Log file: C:\ideakicks\testing\logs\test-execution.log
13:00:57.160 [INFO] login        navigating to /login
13:00:58.022 [INFO] login        already authed (via /dashboard)
13:00:59.903 [INFO] WIZ-02-P     start
13:00:59.905 [INFO] login        navigating to /login
13:01:00.084 [INFO] login        already authed (via /dashboard)
13:01:00.542 [INFO] cookies      dismissed
13:01:16.368 [WARN] fillStep1    wizard h1 not visible within 15s — page may not be on /start/application
13:01:22.649 [FAIL] UF-WIZ-02-P: Continue is enabled when all required fields are filled 29.66s — Error: [2mexpect([22m[31mlocator[39m[2m).[22mtoBeEnabled[2m([22m[2m)[22m failed
13:01:23.257 [INFO] WIZARD-POS   Log file: C:\ideakicks\testing\logs\test-execution.log
13:01:28.061 [INFO] login        navigating to /login
13:01:28.883 [INFO] login        already authed (via /dashboard)
13:01:30.734 [INFO] WIZ-03-P     start
13:01:30.736 [INFO] login        navigating to /login
13:01:30.900 [INFO] login        already authed (via /dashboard)
13:01:31.376 [INFO] cookies      dismissed
13:02:27.946 [FAIL] UF-WIZ-03-P: PAN field shows correct placeholder 63.32s — [31mTest timeout of 60000ms exceeded.[39m
13:02:28.758 [INFO] WIZARD-POS   Log file: C:\ideakicks\testing\logs\test-execution.log
13:02:34.414 [INFO] login        navigating to /login
13:02:35.456 [INFO] login        already authed (via /dashboard)
13:02:37.344 [INFO] WIZ-04-P     start
13:02:37.347 [INFO] login        navigating to /login
13:02:37.538 [INFO] login        already authed (via /dashboard)
13:02:38.001 [INFO] cookies      dismissed
13:02:53.820 [WARN] fillStep1    wizard h1 not visible within 15s — page may not be on /start/application
13:03:32.402 [FAIL] UF-WIZ-04-P: Step 1 happy path advances to step 2 62.12s — [31mTest timeout of 60000ms exceeded.[39m
13:03:33.079 [INFO] WIZARD-POS   Log file: C:\ideakicks\testing\logs\test-execution.log
13:03:38.477 [INFO] login        navigating to /login
13:03:39.283 [INFO] login        already authed (via /dashboard)
13:03:41.016 [INFO] WIZ-07-P     start
13:03:41.018 [INFO] login        navigating to /login
13:03:41.195 [INFO] login        already authed (via /dashboard)
13:03:41.637 [INFO] cookies      dismissed
13:03:57.473 [WARN] fillStep1    wizard h1 not visible within 15s — page may not be on /start/application
13:04:37.589 [FAIL] UF-WIZ-07-P: Step 2 Build Page is reachable and has file inputs 63.01s — [31mTest timeout of 60000ms exceeded.[39m
13:04:38.412 [INFO] WIZARD-POS   Log file: C:\ideakicks\testing\logs\test-execution.log
13:04:44.084 [INFO] login        already authed (via /dashboard)
13:04:55.797 [INFO] WIZ-08-P     start
13:04:56.006 [INFO] login        already authed (via /dashboard)
13:05:41.694 [FAIL] UF-WIZ-08-P: Step 1 page loads cleanly with no JS errors 61.95s — [31mTest timeout of 60000ms exceeded.[39m
13:05:42.317 [INFO] WIZARD-POS   Log file: C:\ideakicks\testing\logs\test-execution.log
13:05:47.790 [INFO] login        already authed (via /dashboard)
13:05:59.613 [INFO] WIZ-10-P     start
13:05:59.992 [INFO] login        already authed (via /dashboard)
13:06:45.694 [FAIL] UF-WIZ-10-P: Country dropdown lists India 62.08s — [31mTest timeout of 60000ms exceeded.[39m
13:06:46.371 [INFO] WIZARD-POS   Log file: C:\ideakicks\testing\logs\test-execution.log
13:06:52.250 [INFO] login        already authed (via /dashboard)
13:07:04.089 [INFO] WIZ-11-P     start
13:07:04.256 [INFO] login        already authed (via /dashboard)
13:07:47.750 [FAIL] UF-WIZ-11-P: Subcategory populates after category chosen 60.07s — [31mTest timeout of 60000ms exceeded.[39m
13:07:48.391 [INFO] WIZARD-POS   Log file: C:\ideakicks\testing\logs\test-execution.log
13:07:54.074 [INFO] login        already authed (via /dashboard)
13:08:05.811 [INFO] WIZ-14-P     start
13:08:05.986 [INFO] login        already authed (via /dashboard)
13:08:52.534 [FAIL] UF-WIZ-14-P: GSTIN optional field accepts valid value 62.75s — [31mTest timeout of 60000ms exceeded.[39m
13:08:53.387 [INFO] WIZARD-POS   Log file: C:\ideakicks\testing\logs\test-execution.log
13:08:58.607 [INFO] WIZ-20-P     start
13:08:59.548 [INFO] login        already authed (via /dashboard)
13:09:00.105 [PASS] UF-WIZ-20-P: Wizard URL is exactly /start/application 5.20s

========================================================================
  RUN SUMMARY  2026-09-07_13-00-22
========================================================================
  Total    : 10
  Passed   : 1  (10.0%)
  Failed   : 9
  Skipped  : 0
  Duration : 517.7s
  Log      : C:\ideakicks\testing\logs\run-2026-09-07_13-00-22.log
========================================================================
13:09:00.198 [INFO] RUN-END      Status: failed | Duration: 517.7s
13:09:00.202 [INFO] REPORTER     HTML report: C:\ideakicks\testing\logs\run-2026-09-07_13-00-22.html
