2026-09-05 09:14:05.236 [INFO ] WIZARD-NEG :: negative & edge-case suite
2026-09-05 09:14:09.734 [INFO ] WIZ-16-N :: start
2026-09-05 09:14:09.736 [INFO ] login :: navigating to /login
2026-09-05 09:14:26.144 [INFO ] login :: ok
2026-09-05 09:14:26.680 [INFO ] cookies :: dismissed
2026-09-05 09:14:44.746 [WARN ] WATCHDOG :: UF-WIZ-16-N: Browser back from step 2 lands on step 1 (or stays step 2 without crash) exceeded 35s — closing context
2026-09-05 09:14:45.548 [WARN ] safeRun :: server-induced failure, skipping: locator.check: Target page, context or browser has been closed
2026-09-05 09:14:46.761 [INFO ] WIZ-22-N :: start
2026-09-05 09:14:46.763 [INFO ] login :: navigating to /login
2026-09-05 09:15:08.875 [WARN ] safeLogin :: login timed out: page.goto: net::ERR_CONNECTION_TIMED_OUT at https://187.77.79.40.nip.io/login
2026-09-05 09:15:12.962 [INFO ] WIZ-19-N :: start
2026-09-05 09:15:12.965 [INFO ] login :: navigating to /login
2026-09-05 09:15:20.051 [INFO ] login :: ok
2026-09-05 09:15:21.207 [INFO ] WIZ-19-N :: after up to 5 Tabs, focused: A
2026-09-05 09:15:22.593 [INFO ] WIZ-21-N :: start
2026-09-05 09:15:27.287 [INFO ] WIZ-21-N :: unauthed → https://187.77.79.40.nip.io/login?next=/start/application
2026-09-05 09:15:29.136 [INFO ] WIZ-17-N :: start
2026-09-05 09:15:29.139 [INFO ] login :: navigating to /login
2026-09-05 09:15:47.656 [INFO ] login :: ok
2026-09-05 09:15:48.559 [INFO ] cookies :: dismissed
2026-09-05 09:16:04.144 [WARN ] WATCHDOG :: UF-WIZ-17-N: Step 2 has at least one media upload control exceeded 35s — closing context
2026-09-05 09:16:04.800 [WARN ] safeRun :: server-induced failure, skipping: locator.check: Target page, context or browser has been closed
2026-09-05 09:16:06.064 [INFO ] WIZ-18-N :: start
2026-09-05 09:16:06.066 [INFO ] login :: navigating to /login
2026-09-05 09:16:09.870 [INFO ] login :: ok
2026-09-05 09:16:10.220 [INFO ] cookies :: dismissed
2026-09-05 09:16:41.067 [WARN ] WATCHDOG :: UF-WIZ-18-N: Step 3 review reflects company name from step 1 exceeded 35s — closing context
2026-09-05 09:16:42.107 [WARN ] safeRun :: server-induced failure, skipping: locator.check: Target page, context or browser has been closed
2026-09-05 09:16:42.123 [INFO ] WIZARD-POS :: Log file: C:\ideakicks\testing\logs\test-execution.log
2026-09-05 09:16:43.361 [INFO ] WIZ-01-P :: start
2026-09-05 09:16:43.363 [INFO ] login :: navigating to /login
2026-09-05 09:16:50.026 [INFO ] login :: ok
2026-09-05 09:16:51.334 [INFO ] cookies :: dismissed
