13:46:11.010 [INFO] WIZARD-POS   Log file: C:\ideakicks\testing\logs\test-execution.log
13:46:11.023 [INFO] RUN-BEGIN    Suite: unnamed | Tests: 10 | Workers: 1 | Run log: C:\ideakicks\testing\logs\run-2026-09-07_13-45-56.log
13:46:11.639 [INFO] WIZARD-POS   Log file: C:\ideakicks\testing\logs\test-execution.log
13:46:20.291 [INFO] login        already authed (via /dashboard)
13:46:20.538 [INFO] WIZ-01-P     start
13:46:23.931 [WARN] wizard       user already has a submitted campaign (under review)
13:46:23.936 [INFO] WIZ-01-P     Campaign already submitted and Under Review — verified submission state
13:46:24.058 [PASS] UF-WIZ-01-P: Wizard page renders step 1 with all required fields 11.20s
13:46:26.074 [INFO] login        already authed (via /dashboard)
13:46:26.406 [INFO] WIZ-02-P     start
13:46:43.754 [WARN] fillStep1    wizard h1 not visible within 15s — page may not be on /start/application
13:46:51.203 [FAIL] UF-WIZ-02-P: Continue is enabled when all required fields are filled 25.51s — Error: [2mexpect([22m[31mlocator[39m[2m).[22mtoBeEnabled[2m([22m[2m)[22m failed
13:46:51.805 [INFO] WIZARD-POS   Log file: C:\ideakicks\testing\logs\test-execution.log
13:46:57.246 [INFO] login        already authed (via /dashboard)
13:46:57.602 [INFO] WIZ-03-P     start
13:46:58.003 [INFO] login        already authed (via /dashboard)
13:47:51.238 [WARN] WATCHDOG     UF-WIZ-03-P: PAN field shows correct placeholder exceeded 55s — closing context
13:47:54.230 [FAIL] UF-WIZ-03-P: PAN field shows correct placeholder 59.59s — Error: locator.getAttribute: Target page, context or browser has been closed
13:47:54.830 [INFO] WIZARD-POS   Log file: C:\ideakicks\testing\logs\test-execution.log
13:48:01.181 [INFO] login        already authed (via /dashboard)
13:48:01.396 [INFO] WIZ-04-P     start
13:48:01.808 [INFO] login        already authed (via /dashboard)
13:48:19.587 [WARN] fillStep1    wizard h1 not visible within 15s — page may not be on /start/application
13:48:54.419 [WARN] WATCHDOG     UF-WIZ-04-P: Step 1 happy path advances to step 2 exceeded 55s — closing context
13:48:57.683 [FAIL] UF-WIZ-04-P: Step 1 happy path advances to step 2 60.01s — [31mTest timeout of 60000ms exceeded.[39m
13:48:58.274 [INFO] WIZARD-POS   Log file: C:\ideakicks\testing\logs\test-execution.log
13:49:05.283 [INFO] login        already authed (via /dashboard)
13:49:05.595 [INFO] WIZ-07-P     start
13:49:05.998 [INFO] login        already authed (via /dashboard)
13:49:23.812 [WARN] fillStep1    wizard h1 not visible within 15s — page may not be on /start/application
13:49:57.829 [WARN] WATCHDOG     UF-WIZ-07-P: Step 2 Build Page is reachable and has file inputs exceeded 55s — closing context
13:50:01.124 [FAIL] UF-WIZ-07-P: Step 2 Build Page is reachable and has file inputs 60.01s — [31mTest timeout of 60000ms exceeded.[39m
13:50:01.729 [INFO] WIZARD-POS   Log file: C:\ideakicks\testing\logs\test-execution.log
13:50:07.701 [INFO] login        already authed (via /dashboard)
13:50:08.087 [INFO] WIZ-08-P     start
13:50:08.493 [INFO] login        already authed (via /dashboard)
13:50:12.292 [INFO] WIZ-08-P     JS errors on load: 0
13:50:12.480 [PASS] UF-WIZ-08-P: Step 1 page loads cleanly with no JS errors 9.49s
13:50:14.419 [INFO] login        already authed (via /dashboard)
13:50:14.751 [INFO] WIZ-10-P     start
13:50:15.145 [INFO] login        already authed (via /dashboard)
13:50:18.059 [SKIP] UF-WIZ-10-P: Country dropdown lists India skipped
