18:33:37.657 [INFO] WIZARD-NEG   negative & edge-case suite
18:33:37.693 [INFO] RUN-BEGIN    Suite: unnamed | Tests: 1 | Workers: 1 | Run log: C:\ideakicks\testing\logs\run-2026-09-13_18-33-10.log
18:33:38.767 [INFO] WIZARD-NEG   negative & edge-case suite
18:33:47.231 [INFO] WIZ-09-N     start
18:33:47.234 [INFO] login        navigating to /login
18:34:00.263 [INFO] login        ok
18:34:02.169 [INFO] cookies      dismissed
18:34:22.232 [WARN] WATCHDOG     UF-WIZ-09-N: Form advances even with unchecked eligibility (BUG) exceeded 55s — closing context
18:34:23.322 [WARN] safeRun      server-induced failure, skipping: locator.waitFor: Target page, context or browser has been closed
18:34:23.375 [SKIP] UF-WIZ-09-N: Form advances even with unchecked eligibility (BUG) skipped

========================================================================
  RUN SUMMARY  2026-09-13_18-33-10
========================================================================
  Total    : 1
  Passed   : 0  (0.0%)
  Failed   : 0
  Skipped  : 1
  Duration : 72.8s
  Log      : C:\ideakicks\testing\logs\run-2026-09-13_18-33-10.log
========================================================================
18:34:23.708 [INFO] RUN-END      Status: passed | Duration: 72.8s
18:34:23.710 [INFO] REPORTER     HTML report: C:\ideakicks\testing\logs\run-2026-09-13_18-33-10.html
