08:14:00.083 [INFO] RUN-BEGIN    Suite: unnamed | Tests: 2 | Workers: 1 | Run log: C:\ideakicks\testing\logs\run-2026-09-12_08-13-30.log
08:14:01.800 [INFO] admin        launching browser & logging in
08:14:09.084 [INFO] admin        logged in, landed on https://admin.187.77.79.40.nip.io/dashboard
08:14:09.106 [INFO] ADM-CAT-FUN-014 start
08:14:13.351 [INFO] ADM-CAT-FUN-014 ok
08:14:13.361 [PASS] ADM-CAT-FUN-014: Verify rows per page selection 4.25s
08:14:13.369 [INFO] ADM-CAT-FUN-015 start
08:14:20.530 [FAIL] ADM-CAT-FUN-015: Verify pagination navigation 7.08s — Error: [2mexpect([22m[31mlocator[39m[2m).[22mtoBeDisabled[2m([22m[2m)[22m failed

========================================================================
  RUN SUMMARY  2026-09-12_08-13-30
========================================================================
  Total    : 2
  Passed   : 1  (50.0%)
  Failed   : 1
  Skipped  : 0
  Duration : 49.9s
  Log      : C:\ideakicks\testing\logs\run-2026-09-12_08-13-30.log
========================================================================
08:14:20.553 [INFO] RUN-END      Status: failed | Duration: 49.9s
08:14:20.556 [INFO] REPORTER     HTML report: C:\ideakicks\testing\logs\run-2026-09-12_08-13-30.html
