10:42:15.334 [INFO] WIZARD-NEG   negative & edge-case suite
10:42:15.365 [INFO] WIZARD-POS   Log file: C:\ideakicks\testing\logs\test-execution.log
10:42:15.373 [INFO] RUN-BEGIN    Suite: unnamed | Tests: 22 | Workers: 1 | Run log: C:\ideakicks\testing\logs\run-2026-09-05_10-42-02.log
10:42:58.595 [SKIP] UF-WIZ-09-N: Form advances even with unchecked eligibility (BUG) skipped
10:43:36.713 [SKIP] UF-WIZ-13-N: Whitespace-only company name does not advance skipped
10:44:15.042 [SKIP] UF-WIZ-05-N: 5000-char paste in company name does not crash skipped
10:44:53.288 [SKIP] UF-WIZ-06-N: XSS / SQL-injection payload in company name does not break skipped
10:45:31.505 [SKIP] UF-WIZ-12-N: Lowercase PAN does not crash the form skipped
10:46:09.907 [SKIP] UF-WIZ-15-N: Page reload after partial fill — form behaviour documented skipped
10:46:48.229 [SKIP] UF-WIZ-16-N: Browser back from step 2 lands on step 1 (or stays step 2 without crash) skipped
10:47:26.368 [SKIP] UF-WIZ-22-N: Double-click Continue does not skip a step skipped
10:47:34.304 [PASS] UF-WIZ-19-N: First Tab reaches a focusable element 7.92s
10:47:42.293 [PASS] UF-WIZ-21-N: Unauthenticated wizard access is gated 7.98s
10:48:20.187 [SKIP] UF-WIZ-17-N: Step 2 has at least one media upload control skipped
10:48:58.496 [SKIP] UF-WIZ-18-N: Step 3 review reflects company name from step 1 skipped
10:49:12.026 [FAIL] UF-WIZ-01-P: Wizard page renders step 1 with all required fields 13.43s — Error: [2mexpect([22m[31mlocator[39m[2m).[22mtoBeVisible[2m([22m[2m)[22m failed
10:49:54.207 [FAIL] UF-WIZ-02-P: Continue is enabled when all required fields are filled 40.29s — Error: locator.check: Target page, context or browser has been closed
10:50:36.338 [FAIL] UF-WIZ-03-P: PAN field shows correct placeholder 40.21s — Error: locator.getAttribute: Target page, context or browser has been closed
10:51:18.320 [FAIL] UF-WIZ-04-P: Step 1 happy path advances to step 2 40.17s — Error: locator.check: Target page, context or browser has been closed
10:52:00.181 [FAIL] UF-WIZ-07-P: Step 2 Build Page is reachable and has file inputs 40.07s — Error: locator.check: Target page, context or browser has been closed
10:52:12.691 [PASS] UF-WIZ-08-P: Step 1 page loads cleanly with no JS errors 10.73s
10:52:19.619 [FAIL] UF-WIZ-10-P: Country dropdown lists India 6.87s — Error: [2mexpect([22m[31mreceived[39m[2m).[22mtoBe[2m([22m[32mexpected[39m[2m) // Object.is equality[22m
10:53:01.765 [FAIL] UF-WIZ-11-P: Subcategory populates after category chosen 40.40s — Error: locator.selectOption: Target page, context or browser has been closed
10:53:12.306 [SKIP] UF-WIZ-14-P: GSTIN optional field accepts valid value skipped
10:53:18.466 [PASS] UF-WIZ-20-P: Wizard URL is exactly /start/application 6.15s

========================================================================
  RUN SUMMARY  2026-09-05_10-42-02
========================================================================
  Total    : 22
  Passed   : 4  (18.2%)
  Failed   : 7
  Skipped  : 11
  Duration : 675.8s
  Log      : C:\ideakicks\testing\logs\run-2026-09-05_10-42-02.log
========================================================================
10:53:18.546 [INFO] RUN-END      Status: failed | Duration: 675.8s
10:53:18.550 [INFO] REPORTER     HTML report: C:\ideakicks\testing\logs\run-2026-09-05_10-42-02.html
