13:36:49.131 [INFO] WIZARD-NEG   negative & edge-case suite
13:36:49.166 [INFO] WIZARD-POS   Log file: C:\ideakicks\testing\logs\test-execution.log
13:36:49.184 [INFO] RUN-BEGIN    Suite: unnamed | Tests: 1 | Workers: 1 | Run log: C:\ideakicks\testing\logs\run-2026-09-07_13-35-46.log
13:36:54.484 [INFO] UP-01-P      start
13:36:56.396 [INFO] login        already authed (via /dashboard)
13:36:58.693 [INFO] cookies      dismissed
13:37:00.512 [WARN] wizard       user already has a submitted campaign (under review)
13:37:00.514 [WARN] fillStep1    wizard is under review — cannot fill step 1
13:37:14.476 [FAIL] UF-UP-01-P: Cover image upload (small JPG) succeeds 0.00s — Error: worker process exited unexpectedly (code=143, signal=null)

========================================================================
  RUN SUMMARY  2026-09-07_13-35-46
========================================================================
  Total    : 1
  Passed   : 0  (0.0%)
  Failed   : 1
  Skipped  : 0
  Duration : 87.9s
  Log      : C:\ideakicks\testing\logs\run-2026-09-07_13-35-46.log
========================================================================
13:37:14.482 [INFO] RUN-END      Status: failed | Duration: 87.9s
13:37:14.483 [INFO] REPORTER     HTML report: C:\ideakicks\testing\logs\run-2026-09-07_13-35-46.html
