18:34:17.324 [INFO] WIZARD-NEG   negative & edge-case suite
18:34:17.370 [INFO] RUN-BEGIN    Suite: unnamed | Tests: 1 | Workers: 1 | Run log: C:\ideakicks\testing\logs\run-2026-09-13_18-33-42.log
18:34:18.398 [INFO] WIZARD-NEG   negative & edge-case suite
18:34:25.219 [INFO] WIZ-09-N     start
18:34:25.223 [INFO] login        navigating to /login
18:34:44.170 [INFO] login        ok
18:35:00.221 [WARN] WATCHDOG     UF-WIZ-09-N: Form advances even with unchecked eligibility (BUG) exceeded 55s — closing context
18:35:00.335 [WARN] safeRun      server-induced failure, skipping: locator.waitFor: Target page, context or browser has been closed
18:35:00.359 [SKIP] UF-WIZ-09-N: Form advances even with unchecked eligibility (BUG) skipped

========================================================================
  RUN SUMMARY  2026-09-13_18-33-42
========================================================================
  Total    : 1
  Passed   : 0  (0.0%)
  Failed   : 0
  Skipped  : 1
  Duration : 77.8s
  Log      : C:\ideakicks\testing\logs\run-2026-09-13_18-33-42.log
========================================================================
18:35:00.497 [INFO] RUN-END      Status: passed | Duration: 77.8s
18:35:00.504 [INFO] REPORTER     HTML report: C:\ideakicks\testing\logs\run-2026-09-13_18-33-42.html
