2026-09-05 06:36:51.690 [INFO ] admin :: launching browser & logging in
2026-09-05 06:37:00.063 [INFO ] admin :: logged in, landed on https://admin.187.77.79.40.nip.io/login
2026-09-05 06:37:00.083 [INFO ] ADM-01-N :: start
2026-09-05 06:37:01.387 [INFO ] ADM-01-N2 :: start
2026-09-05 06:37:04.221 [INFO ] ADM-01-N2 :: search survived 5000 chars
2026-09-05 06:37:04.239 [INFO ] ADM-03-N :: start
2026-09-05 06:37:07.009 [INFO ] ADM-03-N :: no XSS via search
2026-09-05 06:37:07.024 [INFO ] ADM-99-N :: start
2026-09-05 06:37:11.084 [INFO ] ADM-99-N :: unauthed → https://admin.187.77.79.40.nip.io/login
2026-09-05 06:37:11.190 [INFO ] admin :: launching browser & logging in
2026-09-05 06:37:15.946 [INFO ] admin :: logged in, landed on https://admin.187.77.79.40.nip.io/dashboard
2026-09-05 06:37:15.964 [INFO ] ADM-01-P :: start
2026-09-05 06:37:17.039 [INFO ] ADM-01-P :: ok
2026-09-05 06:37:17.054 [INFO ] ADM-02-P :: start
2026-09-05 06:37:18.755 [INFO ] ADM-02-P :: filter controls: 2
2026-09-05 06:37:18.769 [INFO ] ADM-03-P :: start
2026-09-05 06:37:19.231 [INFO ] ADM-04-P :: start
2026-09-05 06:37:19.710 [INFO ] ADM-05-P :: start
2026-09-05 06:37:20.300 [INFO ] ADM-06-P :: start
2026-09-05 06:37:44.820 [INFO ] admin :: launching browser & logging in
2026-09-05 06:37:49.450 [INFO ] admin :: logged in, landed on https://admin.187.77.79.40.nip.io/dashboard
2026-09-05 06:37:49.458 [INFO ] CMS-N1 :: start
2026-09-05 06:37:49.647 [INFO ] CMS-N1 :: status: 404
2026-09-05 06:37:49.671 [INFO ] CMS-N2 :: start
2026-09-05 06:37:51.397 [INFO ] admin :: launching browser & logging in
2026-09-05 06:38:00.215 [INFO ] admin :: logged in, landed on https://admin.187.77.79.40.nip.io/dashboard
2026-09-05 06:38:00.224 [INFO ] CMS-15-P :: start
2026-09-05 06:38:00.767 [INFO ] CMS-16-P :: start
2026-09-05 06:38:14.735 [INFO ] admin :: launching browser & logging in
2026-09-05 06:38:22.309 [INFO ] admin :: logged in, landed on https://admin.187.77.79.40.nip.io/dashboard
2026-09-05 06:38:22.319 [INFO ] ENG-N1 :: start
2026-09-05 06:38:25.046 [INFO ] ENG-N2 :: start
2026-09-05 06:38:27.778 [INFO ] ENG-N3 :: start
2026-09-05 06:38:28.982 [INFO ] admin :: launching browser & logging in
2026-09-05 06:38:35.199 [INFO ] admin :: logged in, landed on https://admin.187.77.79.40.nip.io/login
2026-09-05 06:38:35.208 [INFO ] ENG-13-P :: start
2026-09-05 06:38:37.337 [INFO ] ENG-14-P :: start
2026-09-05 06:38:52.282 [INFO ] admin :: launching browser & logging in
2026-09-05 06:38:59.588 [INFO ] admin :: logged in, landed on https://admin.187.77.79.40.nip.io/login
2026-09-05 06:38:59.607 [INFO ] FIN-N1 :: start
2026-09-05 06:38:59.814 [INFO ] FIN-N1 :: status: 404
2026-09-05 06:38:59.860 [INFO ] FIN-N2 :: start
2026-09-05 06:39:01.095 [INFO ] FIN-N3 :: start
2026-09-05 06:39:02.382 [INFO ] admin :: launching browser & logging in
2026-09-05 06:39:09.970 [INFO ] admin :: logged in, landed on https://admin.187.77.79.40.nip.io/dashboard
2026-09-05 06:39:09.985 [INFO ] FIN-07-P :: start
2026-09-05 06:39:10.569 [INFO ] FIN-08-P :: start
2026-09-05 06:39:11.156 [INFO ] FIN-09-P :: start
2026-09-05 06:39:26.328 [INFO ] admin :: launching browser & logging in
2026-09-05 06:39:34.123 [INFO ] admin :: logged in, landed on https://admin.187.77.79.40.nip.io/dashboard
2026-09-05 06:39:34.148 [INFO ] PPL-N1 :: start
2026-09-05 06:39:36.949 [INFO ] PPL-N2 :: start
2026-09-05 06:39:39.704 [INFO ] PPL-N3 :: start
2026-09-05 06:39:42.466 [INFO ] PPL-N4 :: start
2026-09-05 06:39:42.716 [INFO ] PPL-N4 :: status: 200
2026-09-05 06:39:42.791 [INFO ] admin :: launching browser & logging in
2026-09-05 06:39:50.666 [INFO ] admin :: logged in, landed on https://admin.187.77.79.40.nip.io/dashboard
2026-09-05 06:39:50.684 [INFO ] PPL-10-P :: start
2026-09-05 06:39:51.798 [INFO ] PPL-11-P :: start
2026-09-05 06:39:52.380 [INFO ] PPL-12-P :: start
2026-09-05 06:40:11.957 [INFO ] admin :: launching browser & logging in
2026-09-05 06:40:16.728 [INFO ] admin :: logged in, landed on https://admin.187.77.79.40.nip.io/dashboard
2026-09-05 06:40:16.748 [INFO ] SYS-N1 :: start
2026-09-05 06:40:18.453 [INFO ] SYS-N1 :: JS errors: 0
2026-09-05 06:40:18.479 [INFO ] SYS-N2 :: start
2026-09-05 06:40:19.757 [INFO ] SYS-N3 :: start
2026-09-05 06:40:21.019 [INFO ] admin :: launching browser & logging in
2026-09-05 06:40:28.798 [INFO ] admin :: logged in, landed on https://admin.187.77.79.40.nip.io/dashboard
2026-09-05 06:40:28.824 [INFO ] SYS-17-P :: start
2026-09-05 06:40:29.930 [INFO ] SYS-18-P :: start
2026-09-05 06:43:56.557 [INFO ] LOAD-01 :: start — concurrency=200, total=200
2026-09-05 06:44:07.139 [INFO ] LOAD-01 :: done in 10579ms (18.9 req/s) — ok=158 fail=42 other=0
2026-09-05 06:44:07.140 [INFO ] LOAD-01 :: status codes: {"200":100,"405":58}
2026-09-05 06:44:07.157 [INFO ] LOAD-02 :: start — burst of 50
2026-09-05 06:44:07.860 [INFO ] LOAD-02 :: done in 701ms — codes: {"200":25,"405":25}
2026-09-05 06:44:09.012 [INFO ] PERF-01 :: start
2026-09-05 06:44:10.072 [INFO ] PERF-01 :: homepage warm load: 189ms
2026-09-05 06:44:12.306 [INFO ] PERF-02 :: start
2026-09-05 06:44:13.597 [INFO ] PERF-02 :: /explore load: 338ms
2026-09-05 06:44:15.400 [INFO ] PERF-03 :: start
2026-09-05 06:44:16.148 [INFO ] PERF-03 :: /login load: 746ms
2026-09-05 06:44:17.710 [INFO ] PERF-04 :: start
2026-09-05 06:44:18.473 [INFO ] PERF-04 :: /start/application load: 762ms
2026-09-05 06:44:18.915 [INFO ] STRESS-01 :: start
2026-09-05 06:44:25.819 [INFO ] STRESS-01 :: 5 parallel navs in 6902ms
2026-09-05 06:44:25.821 [INFO ] STRESS-01 ::   https://187.77.79.40.nip.io/ -> 949ms
2026-09-05 06:44:25.822 [INFO ] STRESS-01 ::   https://187.77.79.40.nip.io/explore -> 796ms
2026-09-05 06:44:25.823 [INFO ] STRESS-01 ::   https://187.77.79.40.nip.io/login -> 825ms
2026-09-05 06:44:25.824 [INFO ] STRESS-01 ::   https://187.77.79.40.nip.io/how-it-works -> 897ms
2026-09-05 06:44:25.825 [INFO ] STRESS-01 ::   https://187.77.79.40.nip.io/about -> 882ms
2026-09-05 06:44:25.839 [INFO ] STRESS-02 :: start
2026-09-05 06:44:37.956 [INFO ] STRESS-02 :: 10 parallel /login in 12116ms
2026-09-05 06:44:37.958 [INFO ] STRESS-02 :: succeeded: 10/10
2026-09-05 06:44:39.148 [INFO ] PERF-05 :: start
2026-09-05 06:44:41.502 [INFO ] PERF-06 :: start
2026-09-05 06:44:42.476 [INFO ] PERF-06 :: homepage HTML body: 75.7 KB
2026-09-05 06:44:42.479 [INFO ] PERF-06 :: (domcontentloaded in 975ms)
2026-09-05 06:44:43.410 [INFO ] WIZARD-NEG :: negative & edge-case suite
2026-09-05 06:44:44.670 [INFO ] WIZ-09-N :: start
2026-09-05 06:44:44.672 [INFO ] login :: navigating to /login
2026-09-05 06:44:48.207 [INFO ] login :: ok
2026-09-05 06:45:19.670 [WARN ] WATCHDOG :: UF-WIZ-09-N: Form advances even with unchecked eligibility (BUG) exceeded 35s — closing context
2026-09-05 06:45:21.243 [WARN ] safeRun :: server-induced failure, skipping: locator.selectOption: Target page, context or browser has been closed
2026-09-05 06:45:22.483 [INFO ] WIZ-13-N :: start
2026-09-05 06:45:22.485 [INFO ] login :: navigating to /login
2026-09-05 06:45:35.093 [INFO ] login :: ok
2026-09-05 06:45:57.483 [WARN ] WATCHDOG :: UF-WIZ-13-N: Whitespace-only company name does not advance exceeded 35s — closing context
2026-09-05 06:45:58.711 [WARN ] safeRun :: server-induced failure, skipping: locator.fill: Target page, context or browser has been closed
2026-09-05 06:46:00.031 [INFO ] WIZ-05-N :: start
2026-09-05 06:46:00.033 [INFO ] login :: navigating to /login
2026-09-05 06:46:00.047 [WARN ] safeLogin :: login timed out: page.goto: net::ERR_INTERNET_DISCONNECTED at https://187.77.79.40.nip.io/login
2026-09-05 06:46:02.622 [INFO ] WIZ-06-N :: start
2026-09-05 06:46:02.624 [INFO ] login :: navigating to /login
2026-09-05 06:46:02.635 [WARN ] safeLogin :: login timed out: page.goto: net::ERR_INTERNET_DISCONNECTED at https://187.77.79.40.nip.io/login
2026-09-05 06:46:05.152 [INFO ] WIZ-12-N :: start
2026-09-05 06:46:05.155 [INFO ] login :: navigating to /login
2026-09-05 06:46:05.164 [WARN ] safeLogin :: login timed out: page.goto: net::ERR_INTERNET_DISCONNECTED at https://187.77.79.40.nip.io/login
2026-09-05 06:46:07.675 [INFO ] WIZ-15-N :: start
2026-09-05 06:46:07.678 [INFO ] login :: navigating to /login
2026-09-05 06:46:07.688 [WARN ] safeLogin :: login timed out: page.goto: net::ERR_INTERNET_DISCONNECTED at https://187.77.79.40.nip.io/login
2026-09-05 06:46:10.402 [INFO ] WIZ-16-N :: start
2026-09-05 06:46:10.404 [INFO ] login :: navigating to /login
2026-09-05 06:46:27.756 [INFO ] login :: ok
2026-09-05 06:46:45.412 [WARN ] WATCHDOG :: UF-WIZ-16-N: Browser back from step 2 lands on step 1 (or stays step 2 without crash) exceeded 35s — closing context
2026-09-05 06:46:46.629 [WARN ] safeRun :: server-induced failure, skipping: locator.check: Target page, context or browser has been closed
2026-09-05 06:46:47.881 [INFO ] WIZ-22-N :: start
2026-09-05 06:46:47.884 [INFO ] login :: navigating to /login
2026-09-05 06:47:01.119 [INFO ] login :: ok
2026-09-05 06:47:22.892 [WARN ] WATCHDOG :: UF-WIZ-22-N: Double-click Continue does not skip a step exceeded 35s — closing context
2026-09-05 06:47:23.894 [WARN ] safeRun :: server-induced failure, skipping: locator.check: Target page, context or browser has been closed
2026-09-05 06:47:25.113 [INFO ] WIZ-19-N :: start
2026-09-05 06:47:25.115 [INFO ] login :: navigating to /login
2026-09-05 06:47:33.983 [INFO ] login :: ok
2026-09-05 06:47:36.126 [INFO ] WIZ-19-N :: after up to 5 Tabs, focused: A
2026-09-05 06:47:37.592 [INFO ] WIZ-21-N :: start
2026-09-05 06:47:42.610 [INFO ] WIZ-21-N :: unauthed → https://187.77.79.40.nip.io/start/application
2026-09-05 06:47:44.394 [INFO ] WIZ-17-N :: start
2026-09-05 06:47:44.397 [INFO ] login :: navigating to /login
2026-09-05 06:47:56.413 [INFO ] login :: ok
2026-09-05 06:47:58.076 [INFO ] cookies :: dismissed
2026-09-05 06:48:19.404 [WARN ] WATCHDOG :: UF-WIZ-17-N: Step 2 has at least one media upload control exceeded 35s — closing context
2026-09-05 06:48:20.321 [WARN ] safeRun :: server-induced failure, skipping: locator.check: Target page, context or browser has been closed
2026-09-05 06:48:21.506 [INFO ] WIZ-18-N :: start
2026-09-05 06:48:21.508 [INFO ] login :: navigating to /login
2026-09-05 06:48:27.376 [INFO ] login :: ok
2026-09-05 06:48:56.512 [WARN ] WATCHDOG :: UF-WIZ-18-N: Step 3 review reflects company name from step 1 exceeded 35s — closing context
2026-09-05 06:48:58.053 [WARN ] safeRun :: server-induced failure, skipping: locator.check: Target page, context or browser has been closed
2026-09-05 06:48:58.077 [INFO ] WIZARD-POS :: Log file: C:\ideakicks\testing\logs\test-execution.log
2026-09-05 06:48:59.232 [INFO ] WIZ-01-P :: start
2026-09-05 06:48:59.235 [INFO ] login :: navigating to /login
2026-09-05 06:49:08.758 [INFO ] login :: ok
2026-09-05 06:49:10.447 [INFO ] cookies :: dismissed
