2026-09-05 09:10:29.910 [INFO ] WIZARD-NEG :: negative & edge-case suite
2026-09-05 09:10:30.037 [INFO ] WIZARD-POS :: Log file: C:\ideakicks\testing\logs\test-execution.log
2026-09-05 09:10:30.138 [INFO ] RUN-BEGIN :: Suite: unnamed | Tests: 35 | Workers: 1 | Run log: C:\ideakicks\testing\logs\run-2026-09-05_09-10-05.log
2026-09-05 09:11:14.206 [FAIL ] UF-WIZ-09-N: Form advances even with unchecked eligibility (BUG) :: 42.16s — [31mTest timeout of 40000ms exceeded.[39m
2026-09-05 09:11:56.005 [SKIP ] UF-WIZ-13-N: Whitespace-only company name does not advance :: skipped
2026-09-05 09:12:33.399 [SKIP ] UF-WIZ-05-N: 5000-char paste in company name does not crash :: skipped
2026-09-05 09:12:58.395 [SKIP ] UF-WIZ-06-N: XSS / SQL-injection payload in company name does not break :: skipped
2026-09-05 09:13:23.343 [SKIP ] UF-WIZ-12-N: Lowercase PAN does not crash the form :: skipped
2026-09-05 09:14:04.626 [FAIL ] UF-WIZ-15-N: Page reload after partial fill — form behaviour documented :: 41.20s — [31mTest timeout of 40000ms exceeded.[39m
2026-09-05 09:14:45.565 [SKIP ] UF-WIZ-16-N: Browser back from step 2 lands on step 1 (or stays step 2 without crash) :: skipped
2026-09-05 09:15:11.871 [SKIP ] UF-WIZ-22-N: Double-click Continue does not skip a step :: skipped
2026-09-05 09:15:21.384 [PASS ] UF-WIZ-19-N: First Tab reaches a focusable element :: 9.49s
2026-09-05 09:15:27.906 [PASS ] UF-WIZ-21-N: Unauthenticated wizard access is gated :: 6.51s
2026-09-05 09:16:04.805 [SKIP ] UF-WIZ-17-N: Step 2 has at least one media upload control :: skipped
2026-09-05 09:16:42.116 [SKIP ] UF-WIZ-18-N: Step 3 review reflects company name from step 1 :: skipped
2026-09-05 09:16:57.842 [FAIL ] UF-WIZ-01-P: Wizard page renders step 1 with all required fields :: 15.64s — Error: [2mexpect([22m[31mlocator[39m[2m).[22mtoBeVisible[2m([22m[2m)[22m failed
2026-09-05 09:17:39.834 [FAIL ] UF-WIZ-02-P: Continue is enabled when all required fields are filled :: 39.92s — Error: locator.check: Target page, context or browser has been closed
2026-09-05 09:18:21.926 [FAIL ] UF-WIZ-03-P: PAN field shows correct placeholder :: 40.12s — [31mTest timeout of 40000ms exceeded.[39m
2026-09-05 09:19:13.750 [FAIL ] UF-WIZ-04-P: Step 1 happy path advances to step 2 :: 49.78s — [31mTest timeout of 40000ms exceeded.[39m
2026-09-05 09:19:43.051 [SKIP ] UF-WIZ-07-P: Step 2 Build Page is reachable and has file inputs :: skipped
2026-09-05 09:19:59.774 [PASS ] UF-WIZ-08-P: Step 1 page loads cleanly with no JS errors :: 16.71s
2026-09-05 09:20:12.473 [FAIL ] UF-WIZ-10-P: Country dropdown lists India :: 12.61s — Error: [2mexpect([22m[31mreceived[39m[2m).[22mtoBe[2m([22m[32mexpected[39m[2m) // Object.is equality[22m
2026-09-05 09:20:49.787 [SKIP ] UF-WIZ-11-P: Subcategory populates after category chosen :: skipped
2026-09-05 09:20:59.266 [SKIP ] UF-WIZ-14-P: GSTIN optional field accepts valid value :: skipped
2026-09-05 09:21:36.233 [FAIL ] UF-WIZ-20-P: Wizard URL is exactly /start/application :: 36.90s — Error: page.goto: Target page, context or browser has been closed
2026-09-05 09:21:41.883 [SKIP ] UF-UP-06-N: Gallery upload of 15 images exceeds documented 12-item limit :: skipped
2026-09-05 09:22:29.145 [FAIL ] UF-UP-07-N: Video >100MB is rejected (size validation) :: 47.20s — Error: locator.check: Target page, context or browser has been closed
2026-09-05 09:23:21.650 [FAIL ] UF-UP-08-N: Audio file (mp3) is rejected as non-image/non-video :: 50.35s — [31mTest timeout of 50000ms exceeded.[39m
2026-09-05 09:24:13.209 [FAIL ] UF-UP-09-N: Continue button is disabled with no cover image :: 49.57s — Error: locator.check: Target page, context or browser has been closed
2026-09-05 09:24:54.349 [SKIP ] UF-UP-10-N: Pitch video URL rejects non-URL string :: skipped
2026-09-05 09:25:41.981 [FAIL ] UF-UP-11-N: Story field enforces 30-char minimum (boundary) :: 47.53s — Error: locator.check: Target page, context or browser has been closed
2026-09-05 09:26:37.580 [FAIL ] UF-UP-12-N: Funding goal of 0 is accepted (per UI hint) :: 53.54s — [31mTest timeout of 50000ms exceeded.[39m
2026-09-05 09:27:29.226 [FAIL ] UF-UP-13-N: Funding goal with negative number is rejected by input :: 49.64s — Error: locator.check: Target page, context or browser has been closed
2026-09-05 09:28:20.989 [FAIL ] UF-UP-01-P: Cover image upload (small JPG) succeeds :: 49.70s — Error: locator.check: Target page, context or browser has been closed
2026-09-05 09:28:49.924 [SKIP ] UF-UP-02-P: Gallery upload of 3 small images succeeds (one at a time) :: skipped
2026-09-05 09:29:37.506 [FAIL ] UF-UP-03-P: Gallery upload of 12 images (the documented max) is accepted (one at a time) :: 47.52s — Error: locator.check: Target page, context or browser has been closed
2026-09-05 09:30:02.625 [FAIL ] UF-UP-04-P: Small video (<100MB) upload succeeds :: 23.25s — Error: page.goto: Page crashed
