13:43:53.056 [INFO] WIZARD-NEG   negative & edge-case suite
13:43:53.063 [INFO] WIZARD-POS   Log file: C:\ideakicks\testing\logs\test-execution.log
13:43:53.083 [INFO] RUN-BEGIN    Suite: unnamed | Tests: 1 | Workers: 1 | Run log: C:\ideakicks\testing\logs\run-2026-09-07_13-43-33.log
13:43:53.636 [INFO] WIZARD-POS   Log file: C:\ideakicks\testing\logs\test-execution.log
13:43:59.723 [INFO] login        already authed (via /dashboard)
13:44:00.743 [INFO] WIZ-01-P     start
13:44:04.136 [WARN] wizard       user already has a submitted campaign (under review)
13:44:04.142 [INFO] WIZ-01-P     Campaign already submitted and Under Review — verified submission state
13:44:04.320 [PASS] UF-WIZ-01-P: Wizard page renders step 1 with all required fields 9.54s

========================================================================
  RUN SUMMARY  2026-09-07_13-43-33
========================================================================
  Total    : 1
  Passed   : 1  (100.0%)
  Failed   : 0
  Skipped  : 0
  Duration : 31.8s
  Log      : C:\ideakicks\testing\logs\run-2026-09-07_13-43-33.log
========================================================================
13:44:04.908 [INFO] RUN-END      Status: passed | Duration: 31.8s
13:44:04.911 [INFO] REPORTER     HTML report: C:\ideakicks\testing\logs\run-2026-09-07_13-43-33.html
