12:31:47.854 [INFO] RUN-BEGIN    Suite: unnamed | Tests: 5 | Workers: 1 | Run log: C:\ideakicks\testing\logs\run-2026-09-12_12-31-28.log
12:31:50.359 [INFO] admin        launching browser & logging in
12:31:58.931 [INFO] admin        logged in, landed on https://admin.187.77.79.40.nip.io/login
12:31:58.994 [INFO] ADM-CAM-FUN-003 start
12:32:02.003 [INFO] ADM-CAM-FUN-003 ok
12:32:02.018 [PASS] ADM-CAM-FUN-003: Campaigns Search Positive 3.02s
12:32:02.028 [INFO] ADM-CAM-FUN-004 start
12:32:06.752 [FAIL] ADM-CAM-FUN-004: Campaigns Search Negative 2.77s — Error: [2mexpect([22m[31mreceived[39m[2m).[22mtoBeLessThanOrEqual[2m([22m[32mexpected[39m[2m)[22m
12:32:06.756 [SKIP] ADM-CAM-FUN-005: Statuses Dropdown Selection Box skipped
12:32:06.759 [SKIP] ADM-CAM-FUN-007: Dropdown Selection Box-Cancelled Status and Review submissions skipped
12:32:06.761 [SKIP] ADM-CAM-FUN-008: Campaigns action column view button skipped

========================================================================
  RUN SUMMARY  2026-09-12_12-31-28
========================================================================
  Total    : 5
  Passed   : 1  (20.0%)
  Failed   : 1
  Skipped  : 3
  Duration : 38.8s
  Log      : C:\ideakicks\testing\logs\run-2026-09-12_12-31-28.log
========================================================================
12:32:06.797 [INFO] RUN-END      Status: failed | Duration: 38.8s
12:32:06.800 [INFO] REPORTER     HTML report: C:\ideakicks\testing\logs\run-2026-09-12_12-31-28.html
