12:32:56.769 [INFO] RUN-BEGIN    Suite: unnamed | Tests: 4 | Workers: 1 | Run log: C:\ideakicks\testing\logs\run-2026-09-12_12-32-36.log
12:32:59.236 [INFO] admin        launching browser & logging in
12:33:07.860 [INFO] admin        logged in, landed on https://admin.187.77.79.40.nip.io/dashboard
12:33:07.881 [INFO] ADM-CAM-FUN-004 start
12:33:10.865 [INFO] ADM-CAM-FUN-004 ok
12:33:10.886 [PASS] ADM-CAM-FUN-004: Campaigns Search Negative 2.99s
12:33:10.896 [INFO] ADM-CAM-FUN-005 start
12:33:15.227 [INFO] ADM-CAM-FUN-005 ok
12:33:15.247 [PASS] ADM-CAM-FUN-005: Statuses Dropdown Selection Box 4.34s
12:33:15.253 [INFO] ADM-CAM-FUN-007 start
12:33:19.439 [INFO] ADM-CAM-FUN-007 ok
12:33:19.464 [PASS] ADM-CAM-FUN-007: Dropdown Selection Box-Cancelled Status and Review submissions 4.19s
12:33:19.467 [INFO] ADM-CAM-FUN-008 start
12:33:21.640 [INFO] ADM-CAM-FUN-008 ok
12:33:21.691 [PASS] ADM-CAM-FUN-008: Campaigns action column view button 2.18s

========================================================================
  RUN SUMMARY  2026-09-12_12-32-36
========================================================================
  Total    : 4
  Passed   : 4  (100.0%)
  Failed   : 0
  Skipped  : 0
  Duration : 47.1s
  Log      : C:\ideakicks\testing\logs\run-2026-09-12_12-32-36.log
========================================================================
12:33:23.663 [INFO] RUN-END      Status: passed | Duration: 47.1s
12:33:23.666 [INFO] REPORTER     HTML report: C:\ideakicks\testing\logs\run-2026-09-12_12-32-36.html
