14:14:01.554 [INFO] RUN-BEGIN    Suite: unnamed | Tests: 3 | Workers: 1 | Run log: C:\ideakicks\testing\logs\run-2026-09-09_14-13-49.log
14:14:06.987 [INFO] login        navigating to /login
14:14:07.766 [INFO] login        already authed (via /dashboard)
14:14:16.304 [PASS] UF-ACCT-01-P: Update Profile Bio, Links and Address 12.88s
14:14:17.491 [INFO] login        navigating to /login
14:14:18.306 [INFO] login        already authed (via /dashboard)
14:14:47.822 [FAIL] UF-ACCT-02-P: Change Account Password 31.45s — [31mTest timeout of 30000ms exceeded while running "beforeEach" hook.[39m
14:14:53.067 [INFO] login        navigating to /login
14:14:53.885 [INFO] login        already authed (via /dashboard)
14:15:20.984 [FAIL] UF-ACCT-03-P: User can sign out 31.25s — [31mTest timeout of 30000ms exceeded while running "beforeEach" hook.[39m

========================================================================
  RUN SUMMARY  2026-09-09_14-13-49
========================================================================
  Total    : 3
  Passed   : 1  (33.3%)
  Failed   : 2
  Skipped  : 0
  Duration : 91.7s
  Log      : C:\ideakicks\testing\logs\run-2026-09-09_14-13-49.log
========================================================================
14:15:21.008 [INFO] RUN-END      Status: failed | Duration: 91.7s
14:15:21.011 [INFO] REPORTER     HTML report: C:\ideakicks\testing\logs\run-2026-09-09_14-13-49.html
