2026-09-04 18:36:20.955 [INFO ] admin :: launching browser & logging in
2026-09-04 18:36:25.604 [INFO ] admin :: logged in, landed on https://admin.187.77.79.40.nip.io/dashboard
2026-09-04 18:36:25.613 [INFO ] ADM-01-N :: start
2026-09-04 18:36:28.623 [INFO ] ADM-01-N :: empty state shown for no-match search
2026-09-04 18:36:28.632 [INFO ] ADM-01-N2 :: start
2026-09-04 18:36:31.337 [INFO ] ADM-01-N2 :: search survived 5000 chars
2026-09-04 18:36:31.346 [INFO ] ADM-03-N :: start
2026-09-04 18:36:34.074 [INFO ] ADM-03-N :: no XSS via search
2026-09-04 18:36:34.084 [INFO ] ADM-99-N :: start
2026-09-04 18:36:37.873 [INFO ] ADM-99-N :: unauthed → https://admin.187.77.79.40.nip.io/login
2026-09-04 18:36:37.941 [INFO ] admin :: launching browser & logging in
2026-09-04 18:36:43.200 [INFO ] admin :: logged in, landed on https://admin.187.77.79.40.nip.io/dashboard
2026-09-04 18:36:43.210 [INFO ] ADM-01-P :: start
2026-09-04 18:36:43.726 [INFO ] ADM-01-P :: ok
2026-09-04 18:36:43.735 [INFO ] ADM-02-P :: start
2026-09-04 18:36:45.518 [INFO ] ADM-02-P :: filter controls: 2
2026-09-04 18:36:45.529 [INFO ] ADM-03-P :: start
2026-09-04 18:36:45.933 [INFO ] ADM-04-P :: start
2026-09-04 18:36:46.444 [INFO ] ADM-05-P :: start
2026-09-04 18:36:47.489 [INFO ] ADM-06-P :: start
2026-09-04 18:37:09.700 [INFO ] admin :: launching browser & logging in
2026-09-04 18:37:14.419 [INFO ] admin :: logged in, landed on https://admin.187.77.79.40.nip.io/dashboard
2026-09-04 18:37:14.429 [INFO ] CMS-N1 :: start
2026-09-04 18:37:14.608 [INFO ] CMS-N1 :: status: 404
2026-09-04 18:37:14.638 [INFO ] CMS-N2 :: start
2026-09-04 18:37:16.359 [INFO ] admin :: launching browser & logging in
2026-09-04 18:37:21.043 [INFO ] admin :: logged in, landed on https://admin.187.77.79.40.nip.io/dashboard
2026-09-04 18:37:21.053 [INFO ] CMS-15-P :: start
2026-09-04 18:37:22.125 [INFO ] CMS-16-P :: start
2026-09-04 18:37:37.854 [INFO ] admin :: launching browser & logging in
2026-09-04 18:37:45.310 [INFO ] admin :: logged in, landed on https://admin.187.77.79.40.nip.io/login
2026-09-04 18:37:45.338 [INFO ] ENG-N1 :: start
2026-09-04 18:37:46.701 [INFO ] ENG-N2 :: start
2026-09-04 18:37:49.455 [INFO ] ENG-N3 :: start
2026-09-04 18:37:51.042 [INFO ] admin :: launching browser & logging in
2026-09-04 18:38:00.747 [INFO ] admin :: logged in, landed on https://admin.187.77.79.40.nip.io/login
2026-09-04 18:38:00.762 [INFO ] ENG-13-P :: start
