2026-09-04 18:35:54.454 [INFO ] WIZARD-NEG :: negative & edge-case suite
2026-09-04 18:35:54.466 [INFO ] WIZARD-POS :: Log file: C:\ideakicks\testing\logs\test-execution.log
2026-09-04 18:35:54.490 [INFO ] RUN-BEGIN :: Suite: unnamed | Tests: 120 | Workers: 1 | Run log: C:\ideakicks\testing\logs\run-2026-09-04_18-35-40.log
2026-09-04 18:36:13.848 [PASS ] UF-ACCT-01: Update Profile Bio :: 17.44s
2026-09-04 18:36:20.939 [PASS ] UF-ACCT-02: Change Account Password :: 7.08s
2026-09-04 18:36:28.628 [PASS ] UF-ADMIN-01-N: Empty search returns empty state, not error :: 3.01s
2026-09-04 18:36:31.342 [PASS ] UF-ADMIN-01-N2: 5000-char search does not crash search :: 2.71s
2026-09-04 18:36:34.079 [PASS ] UF-ADMIN-03-N: Special characters in campaign search do not crash :: 2.73s
2026-09-04 18:36:37.929 [PASS ] UF-ADMIN-99-N: Direct visit to admin without auth redirects to /login :: 3.83s
2026-09-04 18:36:43.731 [PASS ] UF-ADMIN-01-P: Project Submissions page loads with heading :: 0.52s
2026-09-04 18:36:45.525 [PASS ] UF-ADMIN-02-P: Project Submissions filter UI is present :: 1.79s
2026-09-04 18:36:45.929 [PASS ] UF-ADMIN-03-P: Campaigns list page loads :: 0.40s
2026-09-04 18:36:46.440 [PASS ] UF-ADMIN-04-P: Categories page loads :: 0.50s
2026-09-04 18:36:47.485 [PASS ] UF-ADMIN-05-P: Country Fields (Application Fields) page loads :: 1.04s
2026-09-04 18:36:47.904 [PASS ] UF-ADMIN-06-P: Partners page loads :: 0.40s
2026-09-04 18:36:57.283 [PASS ] UF-ADMIN-01: Admin View Project Submissions :: 2.42s
2026-09-04 18:36:59.749 [PASS ] UF-ADMIN-02: Admin Filter Project Submissions :: 2.46s
2026-09-04 18:37:02.524 [PASS ] UF-ADMIN-03: Admin Search & Filter Campaigns :: 2.77s
2026-09-04 18:37:04.924 [PASS ] UF-ADMIN-04: Admin Categories Page :: 2.39s
2026-09-04 18:37:07.223 [PASS ] UF-ADMIN-05: Admin Application Fields Page :: 2.29s
2026-09-04 18:37:09.686 [PASS ] UF-ADMIN-06: Admin View Partners Tab :: 2.40s
2026-09-04 18:37:14.634 [PASS ] UF-CMS-N1: Visit a non-existent CMS page returns 404 or friendly error :: 0.20s
2026-09-04 18:37:16.346 [SKIP ] UF-CMS-N2: 5000-char input in any visible CMS field does not crash :: skipped
2026-09-04 18:37:22.120 [PASS ] UF-ADMIN-15-P: CMS Pages list loads with heading :: 1.06s
2026-09-04 18:37:23.216 [PASS ] UF-ADMIN-16-P: CMS settings page loads :: 1.07s
2026-09-04 18:37:34.559 [PASS ] UF-ADMIN-15: Admin Manage CMS Pages :: 4.08s
2026-09-04 18:37:37.839 [PASS ] UF-ADMIN-16: Admin Configure Global CMS Content :: 3.21s
2026-09-04 18:37:46.692 [SKIP ] UF-ENG-N1: Inbox empty search returns empty state :: skipped
2026-09-04 18:37:49.448 [PASS ] UF-ENG-N2: Subscribers 5000-char search does not crash :: 2.74s
2026-09-04 18:37:51.024 [SKIP ] UF-ENG-N3: Inbox reply with XSS payload does not execute :: skipped
2026-09-04 18:38:06.866 [FAIL ] UF-ADMIN-13-P: Contact Inbox page loads :: 5.93s — Error: [2mexpect([22m[31mlocator[39m[2m).[22mtoBeVisible[2m([22m[2m)[22m failed
2026-09-04 18:38:06.868 [SKIP ] UF-ADMIN-14-P: Subscribers page loads :: skipped
2026-09-04 18:38:31.218 [PASS ] UF-ADMIN-13: Admin Manage Contact Inbox :: 2.60s
2026-09-04 18:38:33.799 [PASS ] UF-ADMIN-14: Admin View Subscribers :: 2.48s
2026-09-04 18:38:39.378 [PASS ] UF-FIN-N1: Payouts with non-existent ID shows error, not crash :: 0.20s
2026-09-04 18:38:40.643 [SKIP ] UF-FIN-N2: 5000-char filter on pledges does not crash :: skipped
2026-09-04 18:38:41.933 [SKIP ] UF-FIN-N3: Refunds date filter with junk value does not crash :: skipped
2026-09-04 18:38:51.036 [PASS ] UF-ADMIN-07-P: Payouts page loads :: 1.06s
2026-09-04 18:38:55.718 [PASS ] UF-ADMIN-08-P: Pledges page loads :: 4.67s
2026-09-04 18:38:57.312 [PASS ] UF-ADMIN-09-P: Refunds log page loads :: 1.57s
2026-09-04 18:39:08.834 [PASS ] UF-ADMIN-07: Admin View Payouts :: 2.35s
2026-09-04 18:39:11.351 [PASS ] UF-ADMIN-08: Admin Manage Pledges :: 2.51s
2026-09-04 18:39:13.642 [PASS ] UF-ADMIN-09: Admin View Refunds Log :: 2.22s
2026-09-04 18:39:21.868 [PASS ] UF-PPL-N1: User search with no matches shows empty state :: 3.34s
2026-09-04 18:39:24.600 [PASS ] UF-PPL-N2: User search with XSS does not execute :: 2.73s
2026-09-04 18:39:27.296 [PASS ] UF-PPL-N3: 5000-char user search does not crash :: 2.69s
2026-09-04 18:39:27.531 [PASS ] UF-PPL-N4: Visit /users/<junk-id> does not crash :: 0.22s
2026-09-04 18:39:33.822 [PASS ] UF-ADMIN-10-P: User Management page loads with "New user" CTA :: 1.02s
2026-09-04 18:39:34.882 [PASS ] UF-ADMIN-11-P: Roles page loads with "New role" CTA :: 1.05s
2026-09-04 18:39:35.322 [PASS ] UF-ADMIN-12-P: Deletion Requests page loads :: 0.42s
2026-09-04 18:39:46.012 [PASS ] UF-ADMIN-10: Admin User Management :: 3.82s
2026-09-04 18:39:48.247 [PASS ] UF-ADMIN-11: Admin Manage Roles :: 2.23s
2026-09-04 18:39:50.641 [PASS ] UF-ADMIN-12: Admin Review Deletion Requests :: 2.33s
2026-09-04 18:39:57.089 [PASS ] UF-SYS-N1: Notifications page with no JS errors on load :: 1.70s
2026-09-04 18:39:58.469 [SKIP ] UF-SYS-N2: Activity log filter with junk date does not crash :: skipped
2026-09-04 18:39:59.722 [SKIP ] UF-SYS-N3: 5000-char search on activity log does not crash :: skipped
2026-09-04 18:40:12.020 [FAIL ] UF-ADMIN-17-P: Notifications page loads :: 5.24s — Error: [2mexpect([22m[31mlocator[39m[2m).[22mtoBeVisible[2m([22m[2m)[22m failed
2026-09-04 18:40:12.022 [SKIP ] UF-ADMIN-18-P: Activity log page loads :: skipped
2026-09-04 18:40:26.646 [PASS ] UF-ADMIN-17: Admin View Notifications :: 2.42s
2026-09-04 18:40:29.198 [PASS ] UF-ADMIN-18: Admin View Activity Log :: 2.45s
2026-09-04 18:40:36.565 [PASS ] UF-AUTH-01: User Registration Page Loads :: 7.34s
2026-09-04 18:40:42.520 [PASS ] UF-AUTH-02: Login - Invalid Credentials (Negative Path) :: 5.94s
2026-09-04 18:40:50.757 [PASS ] UF-AUTH-03: Login - Success (Positive Path) :: 8.21s
2026-09-04 18:41:00.206 [PASS ] UF-CREA-01: Campaign Application Page Loads :: 9.42s
2026-09-04 18:41:10.843 [PASS ] UF-CREA-02: Campaign Application - Navigate to Application :: 10.62s
2026-09-04 18:41:17.245 [PASS ] UF-CAMP-01: Campaign Detail Tabs Navigation :: 6.37s
2026-09-04 18:41:23.757 [PASS ] UF-CAMP-02: Save Campaign & Dashboard Sync :: 6.50s
2026-09-04 18:41:31.618 [PASS ] UF-BACK-01: Reward & Add-on Selection :: 7.84s
2026-09-04 18:41:36.882 [PASS ] UF-BACK-02: Payment Terms Validation (Negative Path) :: 5.25s
2026-09-04 18:41:42.094 [PASS ] UF-BACK-03: Complete Pledge (Positive Path) :: 5.20s
2026-09-04 18:41:51.184 [PASS ] UF-DASH-01: Creator Dashboard Tabs Navigation :: 9.07s
2026-09-04 18:41:59.943 [PASS ] UF-DISC-01: Global Header Search (Positive Path) :: 8.74s
2026-09-04 18:42:11.311 [PASS ] UF-DISC-02: Unsuccessful Campaign Search (Empty State) :: 11.36s
2026-09-04 18:42:16.614 [PASS ] UF-DISC-03: Explore Category Filtering :: 5.29s
2026-09-04 18:42:37.470 [PASS ] UF-INFO-01: Global Static Page Navigation :: 20.83s
2026-09-04 18:42:45.733 [PASS ] UF-INFO-02: Dynamic Legal Hub Navigation :: 8.25s
2026-09-04 18:42:49.701 [PASS ] UF-INFO-03: Cookie Preferences Management :: 3.96s
2026-09-04 18:42:59.481 [PASS ] UF-BUG-01: Footer Social Icons Interactivity :: 9.77s
2026-09-04 18:43:10.599 [PASS ] UF-LOAD-01: Login endpoint survives concurrent invalid requests :: 11.10s
2026-09-04 18:43:11.382 [PASS ] UF-LOAD-02: Login endpoint survives burst of 50 requests in 1s :: 0.78s
2026-09-04 18:43:14.871 [PASS ] UF-PERF-01: Homepage loads in under 5s (warm) :: 3.46s
2026-09-04 18:43:17.938 [PASS ] UF-PERF-02: /explore (discover) loads in under 8s (warm) :: 3.06s
2026-09-04 18:43:20.575 [PASS ] UF-PERF-03: /login loads in under 5s :: 2.62s
2026-09-04 18:43:22.892 [PASS ] UF-PERF-04: /start/application wizard loads in under 8s :: 2.31s
2026-09-04 18:43:29.895 [PASS ] UF-STRESS-01: 5 parallel page loads all complete within 30s :: 7.00s
2026-09-04 18:43:42.283 [PASS ] UF-STRESS-02: 10 parallel /login navigations do not crash the server :: 12.38s
2026-09-04 18:43:44.672 [SKIP ] UF-PERF-05: /explore responds to search query within 5s :: skipped
2026-09-04 18:43:47.429 [PASS ] UF-PERF-06: Homepage HTML payload is under 200KB :: 2.75s
2026-09-04 18:44:24.662 [SKIP ] UF-WIZ-09-N: Form advances even with unchecked eligibility (BUG) :: skipped
2026-09-04 18:44:26.095 [FAIL ] UF-WIZ-13-N: Whitespace-only company name does not advance :: 1.36s — Error: browserContext.newPage: Target crashed 
2026-09-04 18:44:26.397 [FAIL ] UF-WIZ-05-N: 5000-char paste in company name does not crash :: 0.00s — Error: worker process exited unexpectedly (code=3221225794, signal=null)
2026-09-04 18:44:26.399 [SKIP ] UF-WIZ-06-N: XSS / SQL-injection payload in company name does not break :: skipped
2026-09-04 18:44:26.400 [SKIP ] UF-WIZ-12-N: Lowercase PAN does not crash the form :: skipped
2026-09-04 18:44:26.402 [SKIP ] UF-WIZ-15-N: Page reload after partial fill — form behaviour documented :: skipped
2026-09-04 18:44:26.403 [SKIP ] UF-WIZ-16-N: Browser back from step 2 lands on step 1 (or stays step 2 without crash) :: skipped
2026-09-04 18:44:26.404 [SKIP ] UF-WIZ-22-N: Double-click Continue does not skip a step :: skipped
2026-09-04 18:44:26.405 [SKIP ] UF-WIZ-19-N: First Tab reaches a focusable element :: skipped
2026-09-04 18:44:26.407 [SKIP ] UF-WIZ-21-N: Unauthenticated wizard access is gated :: skipped
2026-09-04 18:44:26.408 [SKIP ] UF-WIZ-17-N: Step 2 has at least one media upload control :: skipped
2026-09-04 18:44:26.409 [SKIP ] UF-WIZ-18-N: Step 3 review reflects company name from step 1 :: skipped
2026-09-04 18:44:26.411 [FAIL ] UF-WIZ-01-P: Wizard page renders step 1 with all required fields :: 0.00s — Error: worker process exited unexpectedly (code=3221225794, signal=null)
2026-09-04 18:44:26.413 [SKIP ] UF-WIZ-02-P: Continue is enabled when all required fields are filled :: skipped
2026-09-04 18:44:26.415 [SKIP ] UF-WIZ-03-P: PAN field shows correct placeholder :: skipped
2026-09-04 18:44:26.416 [SKIP ] UF-WIZ-04-P: Step 1 happy path advances to step 2 :: skipped
2026-09-04 18:44:26.417 [SKIP ] UF-WIZ-07-P: Step 2 Build Page is reachable and has file inputs :: skipped
2026-09-04 18:44:26.419 [SKIP ] UF-WIZ-08-P: Step 1 page loads cleanly with no JS errors :: skipped
2026-09-04 18:44:26.420 [SKIP ] UF-WIZ-10-P: Country dropdown lists India :: skipped
2026-09-04 18:44:26.422 [SKIP ] UF-WIZ-11-P: Subcategory populates after category chosen :: skipped
2026-09-04 18:44:26.423 [SKIP ] UF-WIZ-14-P: GSTIN optional field accepts valid value :: skipped
2026-09-04 18:44:26.424 [SKIP ] UF-WIZ-20-P: Wizard URL is exactly /start/application :: skipped
2026-09-04 18:44:26.704 [FAIL ] UF-UP-06-N: Gallery upload of 15 images exceeds documented 12-item limit :: 0.00s — Error: worker process exited unexpectedly (code=3221225794, signal=null)
2026-09-04 18:44:26.706 [SKIP ] UF-UP-07-N: Video >100MB is rejected (size validation) :: skipped
2026-09-04 18:44:26.707 [SKIP ] UF-UP-08-N: Audio file (mp3) is rejected as non-image/non-video :: skipped
2026-09-04 18:44:26.708 [SKIP ] UF-UP-09-N: Continue button is disabled with no cover image :: skipped
2026-09-04 18:44:26.709 [SKIP ] UF-UP-10-N: Pitch video URL rejects non-URL string :: skipped
2026-09-04 18:44:26.710 [SKIP ] UF-UP-11-N: Story field enforces 30-char minimum (boundary) :: skipped
2026-09-04 18:44:26.712 [SKIP ] UF-UP-12-N: Funding goal of 0 is accepted (per UI hint) :: skipped
2026-09-04 18:44:26.713 [SKIP ] UF-UP-13-N: Funding goal with negative number is rejected by input :: skipped
2026-09-04 18:44:26.715 [FAIL ] UF-UP-01-P: Cover image upload (small JPG) succeeds :: 0.00s — Error: worker process exited unexpectedly (code=3221225794, signal=null)
2026-09-04 18:44:26.716 [SKIP ] UF-UP-02-P: Gallery upload of 3 small images succeeds (one at a time) :: skipped
2026-09-04 18:44:26.717 [SKIP ] UF-UP-03-P: Gallery upload of 12 images (the documented max) is accepted (one at a time) :: skipped
2026-09-04 18:44:26.719 [SKIP ] UF-UP-04-P: Small video (<100MB) upload succeeds :: skipped
2026-09-04 18:44:26.720 [SKIP ] UF-UP-05-P: Pitch video URL accepts a YouTube link :: skipped
INFO  RUN-SUMMARY ::  | ======================================================================== |   TEST RUN SUMMARY — 2026-09-04_18-35-40 | ======================================================================== |   Total      : 120 |   Passed     : 73  (60.8%) |   Failed     : 7 |   Skipped    : 40 |   Info logs  : 3 |   Warnings   : 0 |   Errors     : 0 |   Duration   : 526.6s |   Run log    : C:\ideakicks\testing\logs\run-2026-09-04_18-35-40.log |   Rolling log: C:\ideakicks\testing\logs\test-execution.log | ======================================================================== | 

========================================================================
  TEST RUN SUMMARY — 2026-09-04_18-35-40
========================================================================
  Total      : 120
  Passed     : 73  (60.8%)
  Failed     : 7
  Skipped    : 40
  Info logs  : 3
  Warnings   : 0
  Errors     : 0
  Duration   : 526.6s
  Run log    : C:\ideakicks\testing\logs\run-2026-09-04_18-35-40.log
  Rolling log: C:\ideakicks\testing\logs\test-execution.log
========================================================================
2026-09-04 18:44:26.729 [INFO ] RUN-END :: Status: failed | Duration: 526.6s
2026-09-04 18:44:26.731 [INFO ] REPORTER :: HTML report: C:\ideakicks\testing\logs\run-2026-09-04_18-35-40.html
